The system is: Darwin - 21.5.0 - x86_64
Compiling the C compiler identification source file "CMakeCCompilerId.c" succeeded.
Compiler: /Applications/Xcode.app/Contents/Developer/Toolchains/XcodeDefault.xctoolchain/usr/bin/cc 
Build flags: 
Id flags: -c 

The output was:
0


Compilation of the C compiler identification source "CMakeCCompilerId.c" produced "CMakeCCompilerId.o"

The C compiler identification is AppleClang, found in "/Users/alexandergreiner/Desktop/Promotion/DACH/code/CMakeFiles/3.23.2/CompilerIdC/CMakeCCompilerId.o"

Compiling the CXX compiler identification source file "CMakeCXXCompilerId.cpp" succeeded.
Compiler: /Users/alexandergreiner/dealii_9_2_0/spack/opt/spack/darwin-monterey-skylake/apple-clang-12.0.0_alex/openmpi-4.1.4-ur36cd2sgtnf3tbe764syxlr73xcwhq3/bin/mpic++ 
Build flags: ;-march=native
Id flags:  

The output was:
0
ld: warning: dylib (/Users/alexandergreiner/dealii_9_2_0/spack/opt/spack/darwin-monterey-skylake/apple-clang-12.0.0_alex/openmpi-4.1.4-ur36cd2sgtnf3tbe764syxlr73xcwhq3/lib/libmpi.dylib) was built for newer macOS version (10.16) than being linked (10.15.6)


Compilation of the CXX compiler identification source "CMakeCXXCompilerId.cpp" produced "a.out"

The CXX compiler identification is AppleClang, found in "/Users/alexandergreiner/Desktop/Promotion/DACH/code/CMakeFiles/3.23.2/CompilerIdCXX/a.out"

Detecting C compiler ABI info compiled with the following output:
Change Dir: /Users/alexandergreiner/Desktop/Promotion/DACH/code/CMakeFiles/CMakeTmp

Run Build Command(s):/usr/bin/make -f Makefile cmTC_12119/fast && /Applications/Xcode.app/Contents/Developer/usr/bin/make  -f CMakeFiles/cmTC_12119.dir/build.make CMakeFiles/cmTC_12119.dir/build
Building C object CMakeFiles/cmTC_12119.dir/CMakeCCompilerABI.c.o
/Applications/Xcode.app/Contents/Developer/Toolchains/XcodeDefault.xctoolchain/usr/bin/cc   -isysroot /Applications/Xcode.app/Contents/Developer/Platforms/MacOSX.platform/Developer/SDKs/MacOSX10.15.sdk   -v -Wl,-v -MD -MT CMakeFiles/cmTC_12119.dir/CMakeCCompilerABI.c.o -MF CMakeFiles/cmTC_12119.dir/CMakeCCompilerABI.c.o.d -o CMakeFiles/cmTC_12119.dir/CMakeCCompilerABI.c.o -c /Users/alexandergreiner/dealii_9_2_0/spack/opt/spack/darwin-monterey-skylake/apple-clang-12.0.0_alex/cmake-3.23.2-txwcbopopebyqzgdczea2axptym7bl2m/share/cmake-3.23/Modules/CMakeCCompilerABI.c
Apple clang version 12.0.0 (clang-1200.0.32.2)
Target: x86_64-apple-darwin21.5.0
Thread model: posix
InstalledDir: /Applications/Xcode.app/Contents/Developer/Toolchains/XcodeDefault.xctoolchain/usr/bin
clang: warning: -Wl,-v: 'linker' input unused [-Wunused-command-line-argument]
 "/Applications/Xcode.app/Contents/Developer/Toolchains/XcodeDefault.xctoolchain/usr/bin/clang" -cc1 -triple x86_64-apple-macosx10.15.6 -Wdeprecated-objc-isa-usage -Werror=deprecated-objc-isa-usage -Werror=implicit-function-declaration -emit-obj -mrelax-all -disable-free -disable-llvm-verifier -discard-value-names -main-file-name CMakeCCompilerABI.c -mrelocation-model pic -pic-level 2 -mthread-model posix -mframe-pointer=all -fno-strict-return -masm-verbose -munwind-tables -target-sdk-version=10.15.6 -fcompatibility-qualified-id-block-type-checking -target-cpu penryn -dwarf-column-info -debugger-tuning=lldb -target-linker-version 609 -v -resource-dir /Applications/Xcode.app/Contents/Developer/Toolchains/XcodeDefault.xctoolchain/usr/lib/clang/12.0.0 -dependency-file CMakeFiles/cmTC_12119.dir/CMakeCCompilerABI.c.o.d -skip-unused-modulemap-deps -MT CMakeFiles/cmTC_12119.dir/CMakeCCompilerABI.c.o -sys-header-deps -isysroot /Applications/Xcode.app/Contents/Developer/Platforms/MacOSX.platform/Developer/SDKs/MacOSX10.15.sdk -I/Users/alexandergreiner/dealii_9_2_0/spack/opt/spack/darwin-monterey-skylake/apple-clang-12.0.0_alex/python-3.9.13-ge3q7g4sww526vpvu2gr66c6mtb4k3cc/include/python3.9 -I/usr/local/include -internal-isystem /Applications/Xcode.app/Contents/Developer/Platforms/MacOSX.platform/Developer/SDKs/MacOSX10.15.sdk/usr/local/include -internal-isystem /Applications/Xcode.app/Contents/Developer/Toolchains/XcodeDefault.xctoolchain/usr/lib/clang/12.0.0/include -internal-externc-isystem /Applications/Xcode.app/Contents/Developer/Platforms/MacOSX.platform/Developer/SDKs/MacOSX10.15.sdk/usr/include -internal-externc-isystem /Applications/Xcode.app/Contents/Developer/Toolchains/XcodeDefault.xctoolchain/usr/include -Wno-reorder-init-list -Wno-implicit-int-float-conversion -Wno-c99-designator -Wno-final-dtor-non-final-class -Wno-extra-semi-stmt -Wno-misleading-indentation -Wno-quoted-include-in-framework-header -Wno-implicit-fallthrough -Wno-enum-enum-conversion -Wno-enum-float-conversion -fdebug-compilation-dir /Users/alexandergreiner/Desktop/Promotion/DACH/code/CMakeFiles/CMakeTmp -ferror-limit 19 -fmessage-length 0 -stack-protector 1 -fstack-check -mdarwin-stkchk-strong-link -fblocks -fencode-extended-block-signature -fregister-global-dtors-with-atexit -fgnuc-version=4.2.1 -fobjc-runtime=macosx-10.15.6 -fmax-type-align=16 -fdiagnostics-show-option -o CMakeFiles/cmTC_12119.dir/CMakeCCompilerABI.c.o -x c /Users/alexandergreiner/dealii_9_2_0/spack/opt/spack/darwin-monterey-skylake/apple-clang-12.0.0_alex/cmake-3.23.2-txwcbopopebyqzgdczea2axptym7bl2m/share/cmake-3.23/Modules/CMakeCCompilerABI.c
clang -cc1 version 12.0.0 (clang-1200.0.32.2) default target x86_64-apple-darwin21.5.0
ignoring nonexistent directory "/Applications/Xcode.app/Contents/Developer/Platforms/MacOSX.platform/Developer/SDKs/MacOSX10.15.sdk/usr/local/include"
ignoring nonexistent directory "/Applications/Xcode.app/Contents/Developer/Platforms/MacOSX.platform/Developer/SDKs/MacOSX10.15.sdk/Library/Frameworks"
#include "..." search starts here:
#include <...> search starts here:
 /Users/alexandergreiner/dealii_9_2_0/spack/opt/spack/darwin-monterey-skylake/apple-clang-12.0.0_alex/python-3.9.13-ge3q7g4sww526vpvu2gr66c6mtb4k3cc/include/python3.9
 /usr/local/include
 /Applications/Xcode.app/Contents/Developer/Toolchains/XcodeDefault.xctoolchain/usr/lib/clang/12.0.0/include
 /Applications/Xcode.app/Contents/Developer/Platforms/MacOSX.platform/Developer/SDKs/MacOSX10.15.sdk/usr/include
 /Applications/Xcode.app/Contents/Developer/Toolchains/XcodeDefault.xctoolchain/usr/include
 /Applications/Xcode.app/Contents/Developer/Platforms/MacOSX.platform/Developer/SDKs/MacOSX10.15.sdk/System/Library/Frameworks (framework directory)
End of search list.
Linking C executable cmTC_12119
/Users/alexandergreiner/dealii_9_2_0/spack/opt/spack/darwin-monterey-skylake/apple-clang-12.0.0_alex/cmake-3.23.2-txwcbopopebyqzgdczea2axptym7bl2m/bin/cmake -E cmake_link_script CMakeFiles/cmTC_12119.dir/link.txt --verbose=1
/Applications/Xcode.app/Contents/Developer/Toolchains/XcodeDefault.xctoolchain/usr/bin/cc  -isysroot /Applications/Xcode.app/Contents/Developer/Platforms/MacOSX.platform/Developer/SDKs/MacOSX10.15.sdk -Wl,-search_paths_first -Wl,-headerpad_max_install_names  -v -Wl,-v CMakeFiles/cmTC_12119.dir/CMakeCCompilerABI.c.o -o cmTC_12119 
Apple clang version 12.0.0 (clang-1200.0.32.2)
Target: x86_64-apple-darwin21.5.0
Thread model: posix
InstalledDir: /Applications/Xcode.app/Contents/Developer/Toolchains/XcodeDefault.xctoolchain/usr/bin
 "/Applications/Xcode.app/Contents/Developer/Toolchains/XcodeDefault.xctoolchain/usr/bin/ld" -demangle -lto_library /Applications/Xcode.app/Contents/Developer/Toolchains/XcodeDefault.xctoolchain/usr/lib/libLTO.dylib -dynamic -arch x86_64 -platform_version macos 10.15.6 10.15.6 -syslibroot /Applications/Xcode.app/Contents/Developer/Platforms/MacOSX.platform/Developer/SDKs/MacOSX10.15.sdk -o cmTC_12119 -search_paths_first -headerpad_max_install_names -v CMakeFiles/cmTC_12119.dir/CMakeCCompilerABI.c.o -lSystem /Applications/Xcode.app/Contents/Developer/Toolchains/XcodeDefault.xctoolchain/usr/lib/clang/12.0.0/lib/darwin/libclang_rt.osx.a
@(#)PROGRAM:ld  PROJECT:ld64-609
BUILD 07:59:13 Aug 25 2020
configured to support archs: armv6 armv7 armv7s arm64 arm64e arm64_32 i386 x86_64 x86_64h armv6m armv7k armv7m armv7em
Library search paths:
	/Applications/Xcode.app/Contents/Developer/Platforms/MacOSX.platform/Developer/SDKs/MacOSX10.15.sdk/usr/lib
Framework search paths:
	/Applications/Xcode.app/Contents/Developer/Platforms/MacOSX.platform/Developer/SDKs/MacOSX10.15.sdk/System/Library/Frameworks/



Parsed C implicit include dir info from above output: rv=done
  found start of include info
  found start of implicit include info
    add: [/Users/alexandergreiner/dealii_9_2_0/spack/opt/spack/darwin-monterey-skylake/apple-clang-12.0.0_alex/python-3.9.13-ge3q7g4sww526vpvu2gr66c6mtb4k3cc/include/python3.9]
    add: [/usr/local/include]
    add: [/Applications/Xcode.app/Contents/Developer/Toolchains/XcodeDefault.xctoolchain/usr/lib/clang/12.0.0/include]
    add: [/Applications/Xcode.app/Contents/Developer/Platforms/MacOSX.platform/Developer/SDKs/MacOSX10.15.sdk/usr/include]
    add: [/Applications/Xcode.app/Contents/Developer/Toolchains/XcodeDefault.xctoolchain/usr/include]
  end of search list found
  collapse include dir [/Users/alexandergreiner/dealii_9_2_0/spack/opt/spack/darwin-monterey-skylake/apple-clang-12.0.0_alex/python-3.9.13-ge3q7g4sww526vpvu2gr66c6mtb4k3cc/include/python3.9] ==> [/Users/alexandergreiner/dealii_9_2_0/spack/opt/spack/darwin-monterey-skylake/apple-clang-12.0.0_alex/python-3.9.13-ge3q7g4sww526vpvu2gr66c6mtb4k3cc/include/python3.9]
  collapse include dir [/usr/local/include] ==> [/usr/local/include]
  collapse include dir [/Applications/Xcode.app/Contents/Developer/Toolchains/XcodeDefault.xctoolchain/usr/lib/clang/12.0.0/include] ==> [/Applications/Xcode.app/Contents/Developer/Toolchains/XcodeDefault.xctoolchain/usr/lib/clang/12.0.0/include]
  collapse include dir [/Applications/Xcode.app/Contents/Developer/Platforms/MacOSX.platform/Developer/SDKs/MacOSX10.15.sdk/usr/include] ==> [/Applications/Xcode.app/Contents/Developer/Platforms/MacOSX.platform/Developer/SDKs/MacOSX10.15.sdk/usr/include]
  collapse include dir [/Applications/Xcode.app/Contents/Developer/Toolchains/XcodeDefault.xctoolchain/usr/include] ==> [/Applications/Xcode.app/Contents/Developer/Toolchains/XcodeDefault.xctoolchain/usr/include]
  implicit include dirs: [/Users/alexandergreiner/dealii_9_2_0/spack/opt/spack/darwin-monterey-skylake/apple-clang-12.0.0_alex/python-3.9.13-ge3q7g4sww526vpvu2gr66c6mtb4k3cc/include/python3.9;/usr/local/include;/Applications/Xcode.app/Contents/Developer/Toolchains/XcodeDefault.xctoolchain/usr/lib/clang/12.0.0/include;/Applications/Xcode.app/Contents/Developer/Platforms/MacOSX.platform/Developer/SDKs/MacOSX10.15.sdk/usr/include;/Applications/Xcode.app/Contents/Developer/Toolchains/XcodeDefault.xctoolchain/usr/include]


Parsed C implicit link information from above output:
  link line regex: [^( *|.*[/\])(ld|CMAKE_LINK_STARTFILE-NOTFOUND|([^/\]+-)?ld|collect2)[^/\]*( |$)]
  ignore line: [Change Dir: /Users/alexandergreiner/Desktop/Promotion/DACH/code/CMakeFiles/CMakeTmp]
  ignore line: []
  ignore line: [Run Build Command(s):/usr/bin/make -f Makefile cmTC_12119/fast && /Applications/Xcode.app/Contents/Developer/usr/bin/make  -f CMakeFiles/cmTC_12119.dir/build.make CMakeFiles/cmTC_12119.dir/build]
  ignore line: [Building C object CMakeFiles/cmTC_12119.dir/CMakeCCompilerABI.c.o]
  ignore line: [/Applications/Xcode.app/Contents/Developer/Toolchains/XcodeDefault.xctoolchain/usr/bin/cc   -isysroot /Applications/Xcode.app/Contents/Developer/Platforms/MacOSX.platform/Developer/SDKs/MacOSX10.15.sdk   -v -Wl -v -MD -MT CMakeFiles/cmTC_12119.dir/CMakeCCompilerABI.c.o -MF CMakeFiles/cmTC_12119.dir/CMakeCCompilerABI.c.o.d -o CMakeFiles/cmTC_12119.dir/CMakeCCompilerABI.c.o -c /Users/alexandergreiner/dealii_9_2_0/spack/opt/spack/darwin-monterey-skylake/apple-clang-12.0.0_alex/cmake-3.23.2-txwcbopopebyqzgdczea2axptym7bl2m/share/cmake-3.23/Modules/CMakeCCompilerABI.c]
  ignore line: [Apple clang version 12.0.0 (clang-1200.0.32.2)]
  ignore line: [Target: x86_64-apple-darwin21.5.0]
  ignore line: [Thread model: posix]
  ignore line: [InstalledDir: /Applications/Xcode.app/Contents/Developer/Toolchains/XcodeDefault.xctoolchain/usr/bin]
  ignore line: [clang: warning: -Wl -v: 'linker' input unused [-Wunused-command-line-argument]]
  ignore line: [ "/Applications/Xcode.app/Contents/Developer/Toolchains/XcodeDefault.xctoolchain/usr/bin/clang" -cc1 -triple x86_64-apple-macosx10.15.6 -Wdeprecated-objc-isa-usage -Werror=deprecated-objc-isa-usage -Werror=implicit-function-declaration -emit-obj -mrelax-all -disable-free -disable-llvm-verifier -discard-value-names -main-file-name CMakeCCompilerABI.c -mrelocation-model pic -pic-level 2 -mthread-model posix -mframe-pointer=all -fno-strict-return -masm-verbose -munwind-tables -target-sdk-version=10.15.6 -fcompatibility-qualified-id-block-type-checking -target-cpu penryn -dwarf-column-info -debugger-tuning=lldb -target-linker-version 609 -v -resource-dir /Applications/Xcode.app/Contents/Developer/Toolchains/XcodeDefault.xctoolchain/usr/lib/clang/12.0.0 -dependency-file CMakeFiles/cmTC_12119.dir/CMakeCCompilerABI.c.o.d -skip-unused-modulemap-deps -MT CMakeFiles/cmTC_12119.dir/CMakeCCompilerABI.c.o -sys-header-deps -isysroot /Applications/Xcode.app/Contents/Developer/Platforms/MacOSX.platform/Developer/SDKs/MacOSX10.15.sdk -I/Users/alexandergreiner/dealii_9_2_0/spack/opt/spack/darwin-monterey-skylake/apple-clang-12.0.0_alex/python-3.9.13-ge3q7g4sww526vpvu2gr66c6mtb4k3cc/include/python3.9 -I/usr/local/include -internal-isystem /Applications/Xcode.app/Contents/Developer/Platforms/MacOSX.platform/Developer/SDKs/MacOSX10.15.sdk/usr/local/include -internal-isystem /Applications/Xcode.app/Contents/Developer/Toolchains/XcodeDefault.xctoolchain/usr/lib/clang/12.0.0/include -internal-externc-isystem /Applications/Xcode.app/Contents/Developer/Platforms/MacOSX.platform/Developer/SDKs/MacOSX10.15.sdk/usr/include -internal-externc-isystem /Applications/Xcode.app/Contents/Developer/Toolchains/XcodeDefault.xctoolchain/usr/include -Wno-reorder-init-list -Wno-implicit-int-float-conversion -Wno-c99-designator -Wno-final-dtor-non-final-class -Wno-extra-semi-stmt -Wno-misleading-indentation -Wno-quoted-include-in-framework-header -Wno-implicit-fallthrough -Wno-enum-enum-conversion -Wno-enum-float-conversion -fdebug-compilation-dir /Users/alexandergreiner/Desktop/Promotion/DACH/code/CMakeFiles/CMakeTmp -ferror-limit 19 -fmessage-length 0 -stack-protector 1 -fstack-check -mdarwin-stkchk-strong-link -fblocks -fencode-extended-block-signature -fregister-global-dtors-with-atexit -fgnuc-version=4.2.1 -fobjc-runtime=macosx-10.15.6 -fmax-type-align=16 -fdiagnostics-show-option -o CMakeFiles/cmTC_12119.dir/CMakeCCompilerABI.c.o -x c /Users/alexandergreiner/dealii_9_2_0/spack/opt/spack/darwin-monterey-skylake/apple-clang-12.0.0_alex/cmake-3.23.2-txwcbopopebyqzgdczea2axptym7bl2m/share/cmake-3.23/Modules/CMakeCCompilerABI.c]
  ignore line: [clang -cc1 version 12.0.0 (clang-1200.0.32.2) default target x86_64-apple-darwin21.5.0]
  ignore line: [ignoring nonexistent directory "/Applications/Xcode.app/Contents/Developer/Platforms/MacOSX.platform/Developer/SDKs/MacOSX10.15.sdk/usr/local/include"]
  ignore line: [ignoring nonexistent directory "/Applications/Xcode.app/Contents/Developer/Platforms/MacOSX.platform/Developer/SDKs/MacOSX10.15.sdk/Library/Frameworks"]
  ignore line: [#include "..." search starts here:]
  ignore line: [#include <...> search starts here:]
  ignore line: [ /Users/alexandergreiner/dealii_9_2_0/spack/opt/spack/darwin-monterey-skylake/apple-clang-12.0.0_alex/python-3.9.13-ge3q7g4sww526vpvu2gr66c6mtb4k3cc/include/python3.9]
  ignore line: [ /usr/local/include]
  ignore line: [ /Applications/Xcode.app/Contents/Developer/Toolchains/XcodeDefault.xctoolchain/usr/lib/clang/12.0.0/include]
  ignore line: [ /Applications/Xcode.app/Contents/Developer/Platforms/MacOSX.platform/Developer/SDKs/MacOSX10.15.sdk/usr/include]
  ignore line: [ /Applications/Xcode.app/Contents/Developer/Toolchains/XcodeDefault.xctoolchain/usr/include]
  ignore line: [ /Applications/Xcode.app/Contents/Developer/Platforms/MacOSX.platform/Developer/SDKs/MacOSX10.15.sdk/System/Library/Frameworks (framework directory)]
  ignore line: [End of search list.]
  ignore line: [Linking C executable cmTC_12119]
  ignore line: [/Users/alexandergreiner/dealii_9_2_0/spack/opt/spack/darwin-monterey-skylake/apple-clang-12.0.0_alex/cmake-3.23.2-txwcbopopebyqzgdczea2axptym7bl2m/bin/cmake -E cmake_link_script CMakeFiles/cmTC_12119.dir/link.txt --verbose=1]
  ignore line: [/Applications/Xcode.app/Contents/Developer/Toolchains/XcodeDefault.xctoolchain/usr/bin/cc  -isysroot /Applications/Xcode.app/Contents/Developer/Platforms/MacOSX.platform/Developer/SDKs/MacOSX10.15.sdk -Wl -search_paths_first -Wl -headerpad_max_install_names  -v -Wl -v CMakeFiles/cmTC_12119.dir/CMakeCCompilerABI.c.o -o cmTC_12119 ]
  ignore line: [Apple clang version 12.0.0 (clang-1200.0.32.2)]
  ignore line: [Target: x86_64-apple-darwin21.5.0]
  ignore line: [Thread model: posix]
  ignore line: [InstalledDir: /Applications/Xcode.app/Contents/Developer/Toolchains/XcodeDefault.xctoolchain/usr/bin]
  link line: [ "/Applications/Xcode.app/Contents/Developer/Toolchains/XcodeDefault.xctoolchain/usr/bin/ld" -demangle -lto_library /Applications/Xcode.app/Contents/Developer/Toolchains/XcodeDefault.xctoolchain/usr/lib/libLTO.dylib -dynamic -arch x86_64 -platform_version macos 10.15.6 10.15.6 -syslibroot /Applications/Xcode.app/Contents/Developer/Platforms/MacOSX.platform/Developer/SDKs/MacOSX10.15.sdk -o cmTC_12119 -search_paths_first -headerpad_max_install_names -v CMakeFiles/cmTC_12119.dir/CMakeCCompilerABI.c.o -lSystem /Applications/Xcode.app/Contents/Developer/Toolchains/XcodeDefault.xctoolchain/usr/lib/clang/12.0.0/lib/darwin/libclang_rt.osx.a]
    arg [/Applications/Xcode.app/Contents/Developer/Toolchains/XcodeDefault.xctoolchain/usr/bin/ld] ==> ignore
    arg [-demangle] ==> ignore
    arg [-lto_library] ==> ignore, skip following value
    arg [/Applications/Xcode.app/Contents/Developer/Toolchains/XcodeDefault.xctoolchain/usr/lib/libLTO.dylib] ==> skip value of -lto_library
    arg [-dynamic] ==> ignore
    arg [-arch] ==> ignore
    arg [x86_64] ==> ignore
    arg [-platform_version] ==> ignore
    arg [macos] ==> ignore
    arg [10.15.6] ==> ignore
    arg [10.15.6] ==> ignore
    arg [-syslibroot] ==> ignore
    arg [/Applications/Xcode.app/Contents/Developer/Platforms/MacOSX.platform/Developer/SDKs/MacOSX10.15.sdk] ==> ignore
    arg [-o] ==> ignore
    arg [cmTC_12119] ==> ignore
    arg [-search_paths_first] ==> ignore
    arg [-headerpad_max_install_names] ==> ignore
    arg [-v] ==> ignore
    arg [CMakeFiles/cmTC_12119.dir/CMakeCCompilerABI.c.o] ==> ignore
    arg [-lSystem] ==> lib [System]
    arg [/Applications/Xcode.app/Contents/Developer/Toolchains/XcodeDefault.xctoolchain/usr/lib/clang/12.0.0/lib/darwin/libclang_rt.osx.a] ==> lib [/Applications/Xcode.app/Contents/Developer/Toolchains/XcodeDefault.xctoolchain/usr/lib/clang/12.0.0/lib/darwin/libclang_rt.osx.a]
  Library search paths: [;/Applications/Xcode.app/Contents/Developer/Platforms/MacOSX.platform/Developer/SDKs/MacOSX10.15.sdk/usr/lib]
  Framework search paths: [;/Applications/Xcode.app/Contents/Developer/Platforms/MacOSX.platform/Developer/SDKs/MacOSX10.15.sdk/System/Library/Frameworks/]
  remove lib [System]
  remove lib [/Applications/Xcode.app/Contents/Developer/Toolchains/XcodeDefault.xctoolchain/usr/lib/clang/12.0.0/lib/darwin/libclang_rt.osx.a]
  collapse library dir [/Applications/Xcode.app/Contents/Developer/Platforms/MacOSX.platform/Developer/SDKs/MacOSX10.15.sdk/usr/lib] ==> [/Applications/Xcode.app/Contents/Developer/Platforms/MacOSX.platform/Developer/SDKs/MacOSX10.15.sdk/usr/lib]
  collapse framework dir [/Applications/Xcode.app/Contents/Developer/Platforms/MacOSX.platform/Developer/SDKs/MacOSX10.15.sdk/System/Library/Frameworks/] ==> [/Applications/Xcode.app/Contents/Developer/Platforms/MacOSX.platform/Developer/SDKs/MacOSX10.15.sdk/System/Library/Frameworks]
  implicit libs: []
  implicit objs: []
  implicit dirs: [/Applications/Xcode.app/Contents/Developer/Platforms/MacOSX.platform/Developer/SDKs/MacOSX10.15.sdk/usr/lib]
  implicit fwks: [/Applications/Xcode.app/Contents/Developer/Platforms/MacOSX.platform/Developer/SDKs/MacOSX10.15.sdk/System/Library/Frameworks]


Detecting CXX compiler ABI info compiled with the following output:
Change Dir: /Users/alexandergreiner/Desktop/Promotion/DACH/code/CMakeFiles/CMakeTmp

Run Build Command(s):/usr/bin/make -f Makefile cmTC_5e19f/fast && /Applications/Xcode.app/Contents/Developer/usr/bin/make  -f CMakeFiles/cmTC_5e19f.dir/build.make CMakeFiles/cmTC_5e19f.dir/build
Building CXX object CMakeFiles/cmTC_5e19f.dir/CMakeCXXCompilerABI.cpp.o
/Users/alexandergreiner/dealii_9_2_0/spack/opt/spack/darwin-monterey-skylake/apple-clang-12.0.0_alex/openmpi-4.1.4-ur36cd2sgtnf3tbe764syxlr73xcwhq3/bin/mpic++   -march=native  -isysroot /Applications/Xcode.app/Contents/Developer/Platforms/MacOSX.platform/Developer/SDKs/MacOSX10.15.sdk   -v -Wl,-v -MD -MT CMakeFiles/cmTC_5e19f.dir/CMakeCXXCompilerABI.cpp.o -MF CMakeFiles/cmTC_5e19f.dir/CMakeCXXCompilerABI.cpp.o.d -o CMakeFiles/cmTC_5e19f.dir/CMakeCXXCompilerABI.cpp.o -c /Users/alexandergreiner/dealii_9_2_0/spack/opt/spack/darwin-monterey-skylake/apple-clang-12.0.0_alex/cmake-3.23.2-txwcbopopebyqzgdczea2axptym7bl2m/share/cmake-3.23/Modules/CMakeCXXCompilerABI.cpp
Apple clang version 12.0.0 (clang-1200.0.32.2)
Target: x86_64-apple-darwin21.5.0
Thread model: posix
InstalledDir: /Applications/Xcode.app/Contents/Developer/Toolchains/XcodeDefault.xctoolchain/usr/bin
clang: warning: -Wl,-v: 'linker' input unused [-Wunused-command-line-argument]
ignoring nonexistent directory "/Applications/Xcode.app/Contents/Developer/Platforms/MacOSX.platform/Developer/SDKs/MacOSX10.15.sdk/usr/include/c++/v1"
 "/Applications/Xcode.app/Contents/Developer/Toolchains/XcodeDefault.xctoolchain/usr/bin/clang" -cc1 -triple x86_64-apple-macosx10.15.6 -Wdeprecated-objc-isa-usage -Werror=deprecated-objc-isa-usage -Werror=implicit-function-declaration -emit-obj -mrelax-all -disable-free -disable-llvm-verifier -discard-value-names -main-file-name CMakeCXXCompilerABI.cpp -mrelocation-model pic -pic-level 2 -mthread-model posix -mframe-pointer=all -fno-strict-return -masm-verbose -munwind-tables -target-sdk-version=10.15.6 -fcompatibility-qualified-id-block-type-checking -target-cpu skylake -target-feature +sse2 -target-feature +cx16 -target-feature +sahf -target-feature -tbm -target-feature -avx512ifma -target-feature -sha -target-feature -gfni -target-feature -fma4 -target-feature -vpclmulqdq -target-feature +prfchw -target-feature +bmi2 -target-feature -cldemote -target-feature +fsgsbase -target-feature -ptwrite -target-feature +xsavec -target-feature +popcnt -target-feature +aes -target-feature -avx512bitalg -target-feature -movdiri -target-feature +xsaves -target-feature -avx512er -target-feature -avx512vnni -target-feature -avx512vpopcntdq -target-feature -pconfig -target-feature -clwb -target-feature -avx512f -target-feature -clzero -target-feature -pku -target-feature +mmx -target-feature -lwp -target-feature -rdpid -target-feature -xop -target-feature +rdseed -target-feature -waitpkg -target-feature -movdir64b -target-feature -sse4a -target-feature -avx512bw -target-feature +clflushopt -target-feature +xsave -target-feature -avx512vbmi2 -target-feature +64bit -target-feature -avx512vl -target-feature +invpcid -target-feature -avx512cd -target-feature +avx -target-feature -vaes -target-feature +cx8 -target-feature +fma -target-feature +rtm -target-feature +bmi -target-feature -enqcmd -target-feature +rdrnd -target-feature -mwaitx -target-feature +sse4.1 -target-feature +sse4.2 -target-feature +avx2 -target-feature +fxsr -target-feature -wbnoinvd -target-feature +sse -target-feature +lzcnt -target-feature +pclmul -target-feature -prefetchwt1 -target-feature +f16c -target-feature +ssse3 -target-feature +sgx -target-feature -shstk -target-feature +cmov -target-feature -avx512vbmi -target-feature -avx512bf16 -target-feature +movbe -target-feature +xsaveopt -target-feature -avx512dq -target-feature +adx -target-feature -avx512pf -target-feature +sse3 -dwarf-column-info -debugger-tuning=lldb -target-linker-version 609 -v -resource-dir /Applications/Xcode.app/Contents/Developer/Toolchains/XcodeDefault.xctoolchain/usr/lib/clang/12.0.0 -dependency-file CMakeFiles/cmTC_5e19f.dir/CMakeCXXCompilerABI.cpp.o.d -skip-unused-modulemap-deps -MT CMakeFiles/cmTC_5e19f.dir/CMakeCXXCompilerABI.cpp.o -sys-header-deps -isysroot /Applications/Xcode.app/Contents/Developer/Platforms/MacOSX.platform/Developer/SDKs/MacOSX10.15.sdk -I /Users/alexandergreiner/dealii_9_2_0/spack/opt/spack/darwin-monterey-skylake/apple-clang-12.0.0_alex/openmpi-4.1.4-ur36cd2sgtnf3tbe764syxlr73xcwhq3/include -I/Users/alexandergreiner/dealii_9_2_0/spack/opt/spack/darwin-monterey-skylake/apple-clang-12.0.0_alex/python-3.9.13-ge3q7g4sww526vpvu2gr66c6mtb4k3cc/include/python3.9 -I/usr/local/include -stdlib=libc++ -internal-isystem /Applications/Xcode.app/Contents/Developer/Toolchains/XcodeDefault.xctoolchain/usr/bin/../include/c++/v1 -internal-isystem /Applications/Xcode.app/Contents/Developer/Platforms/MacOSX.platform/Developer/SDKs/MacOSX10.15.sdk/usr/local/include -internal-isystem /Applications/Xcode.app/Contents/Developer/Toolchains/XcodeDefault.xctoolchain/usr/lib/clang/12.0.0/include -internal-externc-isystem /Applications/Xcode.app/Contents/Developer/Platforms/MacOSX.platform/Developer/SDKs/MacOSX10.15.sdk/usr/include -internal-externc-isystem /Applications/Xcode.app/Contents/Developer/Toolchains/XcodeDefault.xctoolchain/usr/include -Wno-reorder-init-list -Wno-implicit-int-float-conversion -Wno-c99-designator -Wno-final-dtor-non-final-class -Wno-extra-semi-stmt -Wno-misleading-indentation -Wno-quoted-include-in-framework-header -Wno-implicit-fallthrough -Wno-enum-enum-conversion -Wno-enum-float-conversion -fdeprecated-macro -fdebug-compilation-dir /Users/alexandergreiner/Desktop/Promotion/DACH/code/CMakeFiles/CMakeTmp -ferror-limit 19 -fmessage-length 0 -stack-protector 1 -fstack-check -mdarwin-stkchk-strong-link -fblocks -fencode-extended-block-signature -fregister-global-dtors-with-atexit -fgnuc-version=4.2.1 -fobjc-runtime=macosx-10.15.6 -fcxx-exceptions -fexceptions -fmax-type-align=16 -fdiagnostics-show-option -o CMakeFiles/cmTC_5e19f.dir/CMakeCXXCompilerABI.cpp.o -x c++ /Users/alexandergreiner/dealii_9_2_0/spack/opt/spack/darwin-monterey-skylake/apple-clang-12.0.0_alex/cmake-3.23.2-txwcbopopebyqzgdczea2axptym7bl2m/share/cmake-3.23/Modules/CMakeCXXCompilerABI.cpp
clang -cc1 version 12.0.0 (clang-1200.0.32.2) default target x86_64-apple-darwin21.5.0
ignoring nonexistent directory "/Applications/Xcode.app/Contents/Developer/Platforms/MacOSX.platform/Developer/SDKs/MacOSX10.15.sdk/usr/local/include"
ignoring nonexistent directory "/Applications/Xcode.app/Contents/Developer/Platforms/MacOSX.platform/Developer/SDKs/MacOSX10.15.sdk/Library/Frameworks"
#include "..." search starts here:
#include <...> search starts here:
 /Users/alexandergreiner/dealii_9_2_0/spack/opt/spack/darwin-monterey-skylake/apple-clang-12.0.0_alex/openmpi-4.1.4-ur36cd2sgtnf3tbe764syxlr73xcwhq3/include
 /Users/alexandergreiner/dealii_9_2_0/spack/opt/spack/darwin-monterey-skylake/apple-clang-12.0.0_alex/python-3.9.13-ge3q7g4sww526vpvu2gr66c6mtb4k3cc/include/python3.9
 /usr/local/include
 /Applications/Xcode.app/Contents/Developer/Toolchains/XcodeDefault.xctoolchain/usr/bin/../include/c++/v1
 /Applications/Xcode.app/Contents/Developer/Toolchains/XcodeDefault.xctoolchain/usr/lib/clang/12.0.0/include
 /Applications/Xcode.app/Contents/Developer/Platforms/MacOSX.platform/Developer/SDKs/MacOSX10.15.sdk/usr/include
 /Applications/Xcode.app/Contents/Developer/Toolchains/XcodeDefault.xctoolchain/usr/include
 /Applications/Xcode.app/Contents/Developer/Platforms/MacOSX.platform/Developer/SDKs/MacOSX10.15.sdk/System/Library/Frameworks (framework directory)
End of search list.
Linking CXX executable cmTC_5e19f
/Users/alexandergreiner/dealii_9_2_0/spack/opt/spack/darwin-monterey-skylake/apple-clang-12.0.0_alex/cmake-3.23.2-txwcbopopebyqzgdczea2axptym7bl2m/bin/cmake -E cmake_link_script CMakeFiles/cmTC_5e19f.dir/link.txt --verbose=1
/Users/alexandergreiner/dealii_9_2_0/spack/opt/spack/darwin-monterey-skylake/apple-clang-12.0.0_alex/openmpi-4.1.4-ur36cd2sgtnf3tbe764syxlr73xcwhq3/bin/mpic++  -march=native  -isysroot /Applications/Xcode.app/Contents/Developer/Platforms/MacOSX.platform/Developer/SDKs/MacOSX10.15.sdk -Wl,-search_paths_first -Wl,-headerpad_max_install_names  -v -Wl,-v CMakeFiles/cmTC_5e19f.dir/CMakeCXXCompilerABI.cpp.o -o cmTC_5e19f 
Apple clang version 12.0.0 (clang-1200.0.32.2)
Target: x86_64-apple-darwin21.5.0
Thread model: posix
InstalledDir: /Applications/Xcode.app/Contents/Developer/Toolchains/XcodeDefault.xctoolchain/usr/bin
 "/Applications/Xcode.app/Contents/Developer/Toolchains/XcodeDefault.xctoolchain/usr/bin/ld" -demangle -lto_library /Applications/Xcode.app/Contents/Developer/Toolchains/XcodeDefault.xctoolchain/usr/lib/libLTO.dylib -dynamic -arch x86_64 -platform_version macos 10.15.6 10.15.6 -syslibroot /Applications/Xcode.app/Contents/Developer/Platforms/MacOSX.platform/Developer/SDKs/MacOSX10.15.sdk -o cmTC_5e19f -L/Users/alexandergreiner/dealii_9_2_0/spack/opt/spack/darwin-monterey-skylake/apple-clang-12.0.0_alex/openmpi-4.1.4-ur36cd2sgtnf3tbe764syxlr73xcwhq3/lib -L/Users/alexandergreiner/dealii_9_2_0/spack/opt/spack/darwin-monterey-skylake/apple-clang-12.0.0_alex/hwloc-2.7.1-auacf2llcf3xbqum54j66ckvnp4hfi5w/lib -L/Users/alexandergreiner/dealii_9_2_0/spack/opt/spack/darwin-monterey-skylake/apple-clang-12.0.0_alex/libevent-2.1.12-3k3cw7vhoxifrx4n7ajweq3ydeqjkci4/lib -L/Users/alexandergreiner/dealii_9_2_0/spack/opt/spack/darwin-monterey-skylake/apple-clang-12.0.0_alex/pmix-4.1.2-2qimar66stzsdccxi4qia2nsmxu3wnbj/lib -search_paths_first -headerpad_max_install_names -v CMakeFiles/cmTC_5e19f.dir/CMakeCXXCompilerABI.cpp.o -lmpi -lc++ -lSystem /Applications/Xcode.app/Contents/Developer/Toolchains/XcodeDefault.xctoolchain/usr/lib/clang/12.0.0/lib/darwin/libclang_rt.osx.a
@(#)PROGRAM:ld  PROJECT:ld64-609
BUILD 07:59:13 Aug 25 2020
configured to support archs: armv6 armv7 armv7s arm64 arm64e arm64_32 i386 x86_64 x86_64h armv6m armv7k armv7m armv7em
Library search paths:
	/Users/alexandergreiner/dealii_9_2_0/spack/opt/spack/darwin-monterey-skylake/apple-clang-12.0.0_alex/openmpi-4.1.4-ur36cd2sgtnf3tbe764syxlr73xcwhq3/lib
	/Users/alexandergreiner/dealii_9_2_0/spack/opt/spack/darwin-monterey-skylake/apple-clang-12.0.0_alex/hwloc-2.7.1-auacf2llcf3xbqum54j66ckvnp4hfi5w/lib
	/Users/alexandergreiner/dealii_9_2_0/spack/opt/spack/darwin-monterey-skylake/apple-clang-12.0.0_alex/libevent-2.1.12-3k3cw7vhoxifrx4n7ajweq3ydeqjkci4/lib
	/Users/alexandergreiner/dealii_9_2_0/spack/opt/spack/darwin-monterey-skylake/apple-clang-12.0.0_alex/pmix-4.1.2-2qimar66stzsdccxi4qia2nsmxu3wnbj/lib
	/Applications/Xcode.app/Contents/Developer/Platforms/MacOSX.platform/Developer/SDKs/MacOSX10.15.sdk/usr/lib
Framework search paths:
	/Applications/Xcode.app/Contents/Developer/Platforms/MacOSX.platform/Developer/SDKs/MacOSX10.15.sdk/System/Library/Frameworks/
ld: warning: dylib (/Users/alexandergreiner/dealii_9_2_0/spack/opt/spack/darwin-monterey-skylake/apple-clang-12.0.0_alex/openmpi-4.1.4-ur36cd2sgtnf3tbe764syxlr73xcwhq3/lib/libmpi.dylib) was built for newer macOS version (10.16) than being linked (10.15.6)



Parsed CXX implicit include dir info from above output: rv=done
  found start of include info
  found start of implicit include info
    add: [/Users/alexandergreiner/dealii_9_2_0/spack/opt/spack/darwin-monterey-skylake/apple-clang-12.0.0_alex/openmpi-4.1.4-ur36cd2sgtnf3tbe764syxlr73xcwhq3/include]
    add: [/Users/alexandergreiner/dealii_9_2_0/spack/opt/spack/darwin-monterey-skylake/apple-clang-12.0.0_alex/python-3.9.13-ge3q7g4sww526vpvu2gr66c6mtb4k3cc/include/python3.9]
    add: [/usr/local/include]
    add: [/Applications/Xcode.app/Contents/Developer/Toolchains/XcodeDefault.xctoolchain/usr/bin/../include/c++/v1]
    add: [/Applications/Xcode.app/Contents/Developer/Toolchains/XcodeDefault.xctoolchain/usr/lib/clang/12.0.0/include]
    add: [/Applications/Xcode.app/Contents/Developer/Platforms/MacOSX.platform/Developer/SDKs/MacOSX10.15.sdk/usr/include]
    add: [/Applications/Xcode.app/Contents/Developer/Toolchains/XcodeDefault.xctoolchain/usr/include]
  end of search list found
  collapse include dir [/Users/alexandergreiner/dealii_9_2_0/spack/opt/spack/darwin-monterey-skylake/apple-clang-12.0.0_alex/openmpi-4.1.4-ur36cd2sgtnf3tbe764syxlr73xcwhq3/include] ==> [/Users/alexandergreiner/dealii_9_2_0/spack/opt/spack/darwin-monterey-skylake/apple-clang-12.0.0_alex/openmpi-4.1.4-ur36cd2sgtnf3tbe764syxlr73xcwhq3/include]
  collapse include dir [/Users/alexandergreiner/dealii_9_2_0/spack/opt/spack/darwin-monterey-skylake/apple-clang-12.0.0_alex/python-3.9.13-ge3q7g4sww526vpvu2gr66c6mtb4k3cc/include/python3.9] ==> [/Users/alexandergreiner/dealii_9_2_0/spack/opt/spack/darwin-monterey-skylake/apple-clang-12.0.0_alex/python-3.9.13-ge3q7g4sww526vpvu2gr66c6mtb4k3cc/include/python3.9]
  collapse include dir [/usr/local/include] ==> [/usr/local/include]
  collapse include dir [/Applications/Xcode.app/Contents/Developer/Toolchains/XcodeDefault.xctoolchain/usr/bin/../include/c++/v1] ==> [/Applications/Xcode.app/Contents/Developer/Toolchains/XcodeDefault.xctoolchain/usr/include/c++/v1]
  collapse include dir [/Applications/Xcode.app/Contents/Developer/Toolchains/XcodeDefault.xctoolchain/usr/lib/clang/12.0.0/include] ==> [/Applications/Xcode.app/Contents/Developer/Toolchains/XcodeDefault.xctoolchain/usr/lib/clang/12.0.0/include]
  collapse include dir [/Applications/Xcode.app/Contents/Developer/Platforms/MacOSX.platform/Developer/SDKs/MacOSX10.15.sdk/usr/include] ==> [/Applications/Xcode.app/Contents/Developer/Platforms/MacOSX.platform/Developer/SDKs/MacOSX10.15.sdk/usr/include]
  collapse include dir [/Applications/Xcode.app/Contents/Developer/Toolchains/XcodeDefault.xctoolchain/usr/include] ==> [/Applications/Xcode.app/Contents/Developer/Toolchains/XcodeDefault.xctoolchain/usr/include]
  implicit include dirs: [/Users/alexandergreiner/dealii_9_2_0/spack/opt/spack/darwin-monterey-skylake/apple-clang-12.0.0_alex/openmpi-4.1.4-ur36cd2sgtnf3tbe764syxlr73xcwhq3/include;/Users/alexandergreiner/dealii_9_2_0/spack/opt/spack/darwin-monterey-skylake/apple-clang-12.0.0_alex/python-3.9.13-ge3q7g4sww526vpvu2gr66c6mtb4k3cc/include/python3.9;/usr/local/include;/Applications/Xcode.app/Contents/Developer/Toolchains/XcodeDefault.xctoolchain/usr/include/c++/v1;/Applications/Xcode.app/Contents/Developer/Toolchains/XcodeDefault.xctoolchain/usr/lib/clang/12.0.0/include;/Applications/Xcode.app/Contents/Developer/Platforms/MacOSX.platform/Developer/SDKs/MacOSX10.15.sdk/usr/include;/Applications/Xcode.app/Contents/Developer/Toolchains/XcodeDefault.xctoolchain/usr/include]


Parsed CXX implicit link information from above output:
  link line regex: [^( *|.*[/\])(ld|CMAKE_LINK_STARTFILE-NOTFOUND|([^/\]+-)?ld|collect2)[^/\]*( |$)]
  ignore line: [Change Dir: /Users/alexandergreiner/Desktop/Promotion/DACH/code/CMakeFiles/CMakeTmp]
  ignore line: []
  ignore line: [Run Build Command(s):/usr/bin/make -f Makefile cmTC_5e19f/fast && /Applications/Xcode.app/Contents/Developer/usr/bin/make  -f CMakeFiles/cmTC_5e19f.dir/build.make CMakeFiles/cmTC_5e19f.dir/build]
  ignore line: [Building CXX object CMakeFiles/cmTC_5e19f.dir/CMakeCXXCompilerABI.cpp.o]
  ignore line: [/Users/alexandergreiner/dealii_9_2_0/spack/opt/spack/darwin-monterey-skylake/apple-clang-12.0.0_alex/openmpi-4.1.4-ur36cd2sgtnf3tbe764syxlr73xcwhq3/bin/mpic++   -march=native  -isysroot /Applications/Xcode.app/Contents/Developer/Platforms/MacOSX.platform/Developer/SDKs/MacOSX10.15.sdk   -v -Wl -v -MD -MT CMakeFiles/cmTC_5e19f.dir/CMakeCXXCompilerABI.cpp.o -MF CMakeFiles/cmTC_5e19f.dir/CMakeCXXCompilerABI.cpp.o.d -o CMakeFiles/cmTC_5e19f.dir/CMakeCXXCompilerABI.cpp.o -c /Users/alexandergreiner/dealii_9_2_0/spack/opt/spack/darwin-monterey-skylake/apple-clang-12.0.0_alex/cmake-3.23.2-txwcbopopebyqzgdczea2axptym7bl2m/share/cmake-3.23/Modules/CMakeCXXCompilerABI.cpp]
  ignore line: [Apple clang version 12.0.0 (clang-1200.0.32.2)]
  ignore line: [Target: x86_64-apple-darwin21.5.0]
  ignore line: [Thread model: posix]
  ignore line: [InstalledDir: /Applications/Xcode.app/Contents/Developer/Toolchains/XcodeDefault.xctoolchain/usr/bin]
  ignore line: [clang: warning: -Wl -v: 'linker' input unused [-Wunused-command-line-argument]]
  ignore line: [ignoring nonexistent directory "/Applications/Xcode.app/Contents/Developer/Platforms/MacOSX.platform/Developer/SDKs/MacOSX10.15.sdk/usr/include/c++/v1"]
  ignore line: [ "/Applications/Xcode.app/Contents/Developer/Toolchains/XcodeDefault.xctoolchain/usr/bin/clang" -cc1 -triple x86_64-apple-macosx10.15.6 -Wdeprecated-objc-isa-usage -Werror=deprecated-objc-isa-usage -Werror=implicit-function-declaration -emit-obj -mrelax-all -disable-free -disable-llvm-verifier -discard-value-names -main-file-name CMakeCXXCompilerABI.cpp -mrelocation-model pic -pic-level 2 -mthread-model posix -mframe-pointer=all -fno-strict-return -masm-verbose -munwind-tables -target-sdk-version=10.15.6 -fcompatibility-qualified-id-block-type-checking -target-cpu skylake -target-feature +sse2 -target-feature +cx16 -target-feature +sahf -target-feature -tbm -target-feature -avx512ifma -target-feature -sha -target-feature -gfni -target-feature -fma4 -target-feature -vpclmulqdq -target-feature +prfchw -target-feature +bmi2 -target-feature -cldemote -target-feature +fsgsbase -target-feature -ptwrite -target-feature +xsavec -target-feature +popcnt -target-feature +aes -target-feature -avx512bitalg -target-feature -movdiri -target-feature +xsaves -target-feature -avx512er -target-feature -avx512vnni -target-feature -avx512vpopcntdq -target-feature -pconfig -target-feature -clwb -target-feature -avx512f -target-feature -clzero -target-feature -pku -target-feature +mmx -target-feature -lwp -target-feature -rdpid -target-feature -xop -target-feature +rdseed -target-feature -waitpkg -target-feature -movdir64b -target-feature -sse4a -target-feature -avx512bw -target-feature +clflushopt -target-feature +xsave -target-feature -avx512vbmi2 -target-feature +64bit -target-feature -avx512vl -target-feature +invpcid -target-feature -avx512cd -target-feature +avx -target-feature -vaes -target-feature +cx8 -target-feature +fma -target-feature +rtm -target-feature +bmi -target-feature -enqcmd -target-feature +rdrnd -target-feature -mwaitx -target-feature +sse4.1 -target-feature +sse4.2 -target-feature +avx2 -target-feature +fxsr -target-feature -wbnoinvd -target-feature +sse -target-feature +lzcnt -target-feature +pclmul -target-feature -prefetchwt1 -target-feature +f16c -target-feature +ssse3 -target-feature +sgx -target-feature -shstk -target-feature +cmov -target-feature -avx512vbmi -target-feature -avx512bf16 -target-feature +movbe -target-feature +xsaveopt -target-feature -avx512dq -target-feature +adx -target-feature -avx512pf -target-feature +sse3 -dwarf-column-info -debugger-tuning=lldb -target-linker-version 609 -v -resource-dir /Applications/Xcode.app/Contents/Developer/Toolchains/XcodeDefault.xctoolchain/usr/lib/clang/12.0.0 -dependency-file CMakeFiles/cmTC_5e19f.dir/CMakeCXXCompilerABI.cpp.o.d -skip-unused-modulemap-deps -MT CMakeFiles/cmTC_5e19f.dir/CMakeCXXCompilerABI.cpp.o -sys-header-deps -isysroot /Applications/Xcode.app/Contents/Developer/Platforms/MacOSX.platform/Developer/SDKs/MacOSX10.15.sdk -I /Users/alexandergreiner/dealii_9_2_0/spack/opt/spack/darwin-monterey-skylake/apple-clang-12.0.0_alex/openmpi-4.1.4-ur36cd2sgtnf3tbe764syxlr73xcwhq3/include -I/Users/alexandergreiner/dealii_9_2_0/spack/opt/spack/darwin-monterey-skylake/apple-clang-12.0.0_alex/python-3.9.13-ge3q7g4sww526vpvu2gr66c6mtb4k3cc/include/python3.9 -I/usr/local/include -stdlib=libc++ -internal-isystem /Applications/Xcode.app/Contents/Developer/Toolchains/XcodeDefault.xctoolchain/usr/bin/../include/c++/v1 -internal-isystem /Applications/Xcode.app/Contents/Developer/Platforms/MacOSX.platform/Developer/SDKs/MacOSX10.15.sdk/usr/local/include -internal-isystem /Applications/Xcode.app/Contents/Developer/Toolchains/XcodeDefault.xctoolchain/usr/lib/clang/12.0.0/include -internal-externc-isystem /Applications/Xcode.app/Contents/Developer/Platforms/MacOSX.platform/Developer/SDKs/MacOSX10.15.sdk/usr/include -internal-externc-isystem /Applications/Xcode.app/Contents/Developer/Toolchains/XcodeDefault.xctoolchain/usr/include -Wno-reorder-init-list -Wno-implicit-int-float-conversion -Wno-c99-designator -Wno-final-dtor-non-final-class -Wno-extra-semi-stmt -Wno-misleading-indentation -Wno-quoted-include-in-framework-header -Wno-implicit-fallthrough -Wno-enum-enum-conversion -Wno-enum-float-conversion -fdeprecated-macro -fdebug-compilation-dir /Users/alexandergreiner/Desktop/Promotion/DACH/code/CMakeFiles/CMakeTmp -ferror-limit 19 -fmessage-length 0 -stack-protector 1 -fstack-check -mdarwin-stkchk-strong-link -fblocks -fencode-extended-block-signature -fregister-global-dtors-with-atexit -fgnuc-version=4.2.1 -fobjc-runtime=macosx-10.15.6 -fcxx-exceptions -fexceptions -fmax-type-align=16 -fdiagnostics-show-option -o CMakeFiles/cmTC_5e19f.dir/CMakeCXXCompilerABI.cpp.o -x c++ /Users/alexandergreiner/dealii_9_2_0/spack/opt/spack/darwin-monterey-skylake/apple-clang-12.0.0_alex/cmake-3.23.2-txwcbopopebyqzgdczea2axptym7bl2m/share/cmake-3.23/Modules/CMakeCXXCompilerABI.cpp]
  ignore line: [clang -cc1 version 12.0.0 (clang-1200.0.32.2) default target x86_64-apple-darwin21.5.0]
  ignore line: [ignoring nonexistent directory "/Applications/Xcode.app/Contents/Developer/Platforms/MacOSX.platform/Developer/SDKs/MacOSX10.15.sdk/usr/local/include"]
  ignore line: [ignoring nonexistent directory "/Applications/Xcode.app/Contents/Developer/Platforms/MacOSX.platform/Developer/SDKs/MacOSX10.15.sdk/Library/Frameworks"]
  ignore line: [#include "..." search starts here:]
  ignore line: [#include <...> search starts here:]
  ignore line: [ /Users/alexandergreiner/dealii_9_2_0/spack/opt/spack/darwin-monterey-skylake/apple-clang-12.0.0_alex/openmpi-4.1.4-ur36cd2sgtnf3tbe764syxlr73xcwhq3/include]
  ignore line: [ /Users/alexandergreiner/dealii_9_2_0/spack/opt/spack/darwin-monterey-skylake/apple-clang-12.0.0_alex/python-3.9.13-ge3q7g4sww526vpvu2gr66c6mtb4k3cc/include/python3.9]
  ignore line: [ /usr/local/include]
  ignore line: [ /Applications/Xcode.app/Contents/Developer/Toolchains/XcodeDefault.xctoolchain/usr/bin/../include/c++/v1]
  ignore line: [ /Applications/Xcode.app/Contents/Developer/Toolchains/XcodeDefault.xctoolchain/usr/lib/clang/12.0.0/include]
  ignore line: [ /Applications/Xcode.app/Contents/Developer/Platforms/MacOSX.platform/Developer/SDKs/MacOSX10.15.sdk/usr/include]
  ignore line: [ /Applications/Xcode.app/Contents/Developer/Toolchains/XcodeDefault.xctoolchain/usr/include]
  ignore line: [ /Applications/Xcode.app/Contents/Developer/Platforms/MacOSX.platform/Developer/SDKs/MacOSX10.15.sdk/System/Library/Frameworks (framework directory)]
  ignore line: [End of search list.]
  ignore line: [Linking CXX executable cmTC_5e19f]
  ignore line: [/Users/alexandergreiner/dealii_9_2_0/spack/opt/spack/darwin-monterey-skylake/apple-clang-12.0.0_alex/cmake-3.23.2-txwcbopopebyqzgdczea2axptym7bl2m/bin/cmake -E cmake_link_script CMakeFiles/cmTC_5e19f.dir/link.txt --verbose=1]
  ignore line: [/Users/alexandergreiner/dealii_9_2_0/spack/opt/spack/darwin-monterey-skylake/apple-clang-12.0.0_alex/openmpi-4.1.4-ur36cd2sgtnf3tbe764syxlr73xcwhq3/bin/mpic++  -march=native  -isysroot /Applications/Xcode.app/Contents/Developer/Platforms/MacOSX.platform/Developer/SDKs/MacOSX10.15.sdk -Wl -search_paths_first -Wl -headerpad_max_install_names  -v -Wl -v CMakeFiles/cmTC_5e19f.dir/CMakeCXXCompilerABI.cpp.o -o cmTC_5e19f ]
  ignore line: [Apple clang version 12.0.0 (clang-1200.0.32.2)]
  ignore line: [Target: x86_64-apple-darwin21.5.0]
  ignore line: [Thread model: posix]
  ignore line: [InstalledDir: /Applications/Xcode.app/Contents/Developer/Toolchains/XcodeDefault.xctoolchain/usr/bin]
  link line: [ "/Applications/Xcode.app/Contents/Developer/Toolchains/XcodeDefault.xctoolchain/usr/bin/ld" -demangle -lto_library /Applications/Xcode.app/Contents/Developer/Toolchains/XcodeDefault.xctoolchain/usr/lib/libLTO.dylib -dynamic -arch x86_64 -platform_version macos 10.15.6 10.15.6 -syslibroot /Applications/Xcode.app/Contents/Developer/Platforms/MacOSX.platform/Developer/SDKs/MacOSX10.15.sdk -o cmTC_5e19f -L/Users/alexandergreiner/dealii_9_2_0/spack/opt/spack/darwin-monterey-skylake/apple-clang-12.0.0_alex/openmpi-4.1.4-ur36cd2sgtnf3tbe764syxlr73xcwhq3/lib -L/Users/alexandergreiner/dealii_9_2_0/spack/opt/spack/darwin-monterey-skylake/apple-clang-12.0.0_alex/hwloc-2.7.1-auacf2llcf3xbqum54j66ckvnp4hfi5w/lib -L/Users/alexandergreiner/dealii_9_2_0/spack/opt/spack/darwin-monterey-skylake/apple-clang-12.0.0_alex/libevent-2.1.12-3k3cw7vhoxifrx4n7ajweq3ydeqjkci4/lib -L/Users/alexandergreiner/dealii_9_2_0/spack/opt/spack/darwin-monterey-skylake/apple-clang-12.0.0_alex/pmix-4.1.2-2qimar66stzsdccxi4qia2nsmxu3wnbj/lib -search_paths_first -headerpad_max_install_names -v CMakeFiles/cmTC_5e19f.dir/CMakeCXXCompilerABI.cpp.o -lmpi -lc++ -lSystem /Applications/Xcode.app/Contents/Developer/Toolchains/XcodeDefault.xctoolchain/usr/lib/clang/12.0.0/lib/darwin/libclang_rt.osx.a]
    arg [/Applications/Xcode.app/Contents/Developer/Toolchains/XcodeDefault.xctoolchain/usr/bin/ld] ==> ignore
    arg [-demangle] ==> ignore
    arg [-lto_library] ==> ignore, skip following value
    arg [/Applications/Xcode.app/Contents/Developer/Toolchains/XcodeDefault.xctoolchain/usr/lib/libLTO.dylib] ==> skip value of -lto_library
    arg [-dynamic] ==> ignore
    arg [-arch] ==> ignore
    arg [x86_64] ==> ignore
    arg [-platform_version] ==> ignore
    arg [macos] ==> ignore
    arg [10.15.6] ==> ignore
    arg [10.15.6] ==> ignore
    arg [-syslibroot] ==> ignore
    arg [/Applications/Xcode.app/Contents/Developer/Platforms/MacOSX.platform/Developer/SDKs/MacOSX10.15.sdk] ==> ignore
    arg [-o] ==> ignore
    arg [cmTC_5e19f] ==> ignore
    arg [-L/Users/alexandergreiner/dealii_9_2_0/spack/opt/spack/darwin-monterey-skylake/apple-clang-12.0.0_alex/openmpi-4.1.4-ur36cd2sgtnf3tbe764syxlr73xcwhq3/lib] ==> dir [/Users/alexandergreiner/dealii_9_2_0/spack/opt/spack/darwin-monterey-skylake/apple-clang-12.0.0_alex/openmpi-4.1.4-ur36cd2sgtnf3tbe764syxlr73xcwhq3/lib]
    arg [-L/Users/alexandergreiner/dealii_9_2_0/spack/opt/spack/darwin-monterey-skylake/apple-clang-12.0.0_alex/hwloc-2.7.1-auacf2llcf3xbqum54j66ckvnp4hfi5w/lib] ==> dir [/Users/alexandergreiner/dealii_9_2_0/spack/opt/spack/darwin-monterey-skylake/apple-clang-12.0.0_alex/hwloc-2.7.1-auacf2llcf3xbqum54j66ckvnp4hfi5w/lib]
    arg [-L/Users/alexandergreiner/dealii_9_2_0/spack/opt/spack/darwin-monterey-skylake/apple-clang-12.0.0_alex/libevent-2.1.12-3k3cw7vhoxifrx4n7ajweq3ydeqjkci4/lib] ==> dir [/Users/alexandergreiner/dealii_9_2_0/spack/opt/spack/darwin-monterey-skylake/apple-clang-12.0.0_alex/libevent-2.1.12-3k3cw7vhoxifrx4n7ajweq3ydeqjkci4/lib]
    arg [-L/Users/alexandergreiner/dealii_9_2_0/spack/opt/spack/darwin-monterey-skylake/apple-clang-12.0.0_alex/pmix-4.1.2-2qimar66stzsdccxi4qia2nsmxu3wnbj/lib] ==> dir [/Users/alexandergreiner/dealii_9_2_0/spack/opt/spack/darwin-monterey-skylake/apple-clang-12.0.0_alex/pmix-4.1.2-2qimar66stzsdccxi4qia2nsmxu3wnbj/lib]
    arg [-search_paths_first] ==> ignore
    arg [-headerpad_max_install_names] ==> ignore
    arg [-v] ==> ignore
    arg [CMakeFiles/cmTC_5e19f.dir/CMakeCXXCompilerABI.cpp.o] ==> ignore
    arg [-lmpi] ==> lib [mpi]
    arg [-lc++] ==> lib [c++]
    arg [-lSystem] ==> lib [System]
    arg [/Applications/Xcode.app/Contents/Developer/Toolchains/XcodeDefault.xctoolchain/usr/lib/clang/12.0.0/lib/darwin/libclang_rt.osx.a] ==> lib [/Applications/Xcode.app/Contents/Developer/Toolchains/XcodeDefault.xctoolchain/usr/lib/clang/12.0.0/lib/darwin/libclang_rt.osx.a]
  Library search paths: [;/Users/alexandergreiner/dealii_9_2_0/spack/opt/spack/darwin-monterey-skylake/apple-clang-12.0.0_alex/openmpi-4.1.4-ur36cd2sgtnf3tbe764syxlr73xcwhq3/lib;/Users/alexandergreiner/dealii_9_2_0/spack/opt/spack/darwin-monterey-skylake/apple-clang-12.0.0_alex/hwloc-2.7.1-auacf2llcf3xbqum54j66ckvnp4hfi5w/lib;/Users/alexandergreiner/dealii_9_2_0/spack/opt/spack/darwin-monterey-skylake/apple-clang-12.0.0_alex/libevent-2.1.12-3k3cw7vhoxifrx4n7ajweq3ydeqjkci4/lib;/Users/alexandergreiner/dealii_9_2_0/spack/opt/spack/darwin-monterey-skylake/apple-clang-12.0.0_alex/pmix-4.1.2-2qimar66stzsdccxi4qia2nsmxu3wnbj/lib;/Applications/Xcode.app/Contents/Developer/Platforms/MacOSX.platform/Developer/SDKs/MacOSX10.15.sdk/usr/lib]
  Framework search paths: [;/Applications/Xcode.app/Contents/Developer/Platforms/MacOSX.platform/Developer/SDKs/MacOSX10.15.sdk/System/Library/Frameworks/]
  remove lib [System]
  remove lib [/Applications/Xcode.app/Contents/Developer/Toolchains/XcodeDefault.xctoolchain/usr/lib/clang/12.0.0/lib/darwin/libclang_rt.osx.a]
  collapse library dir [/Users/alexandergreiner/dealii_9_2_0/spack/opt/spack/darwin-monterey-skylake/apple-clang-12.0.0_alex/openmpi-4.1.4-ur36cd2sgtnf3tbe764syxlr73xcwhq3/lib] ==> [/Users/alexandergreiner/dealii_9_2_0/spack/opt/spack/darwin-monterey-skylake/apple-clang-12.0.0_alex/openmpi-4.1.4-ur36cd2sgtnf3tbe764syxlr73xcwhq3/lib]
  collapse library dir [/Users/alexandergreiner/dealii_9_2_0/spack/opt/spack/darwin-monterey-skylake/apple-clang-12.0.0_alex/hwloc-2.7.1-auacf2llcf3xbqum54j66ckvnp4hfi5w/lib] ==> [/Users/alexandergreiner/dealii_9_2_0/spack/opt/spack/darwin-monterey-skylake/apple-clang-12.0.0_alex/hwloc-2.7.1-auacf2llcf3xbqum54j66ckvnp4hfi5w/lib]
  collapse library dir [/Users/alexandergreiner/dealii_9_2_0/spack/opt/spack/darwin-monterey-skylake/apple-clang-12.0.0_alex/libevent-2.1.12-3k3cw7vhoxifrx4n7ajweq3ydeqjkci4/lib] ==> [/Users/alexandergreiner/dealii_9_2_0/spack/opt/spack/darwin-monterey-skylake/apple-clang-12.0.0_alex/libevent-2.1.12-3k3cw7vhoxifrx4n7ajweq3ydeqjkci4/lib]
  collapse library dir [/Users/alexandergreiner/dealii_9_2_0/spack/opt/spack/darwin-monterey-skylake/apple-clang-12.0.0_alex/pmix-4.1.2-2qimar66stzsdccxi4qia2nsmxu3wnbj/lib] ==> [/Users/alexandergreiner/dealii_9_2_0/spack/opt/spack/darwin-monterey-skylake/apple-clang-12.0.0_alex/pmix-4.1.2-2qimar66stzsdccxi4qia2nsmxu3wnbj/lib]
  collapse library dir [/Users/alexandergreiner/dealii_9_2_0/spack/opt/spack/darwin-monterey-skylake/apple-clang-12.0.0_alex/openmpi-4.1.4-ur36cd2sgtnf3tbe764syxlr73xcwhq3/lib] ==> [/Users/alexandergreiner/dealii_9_2_0/spack/opt/spack/darwin-monterey-skylake/apple-clang-12.0.0_alex/openmpi-4.1.4-ur36cd2sgtnf3tbe764syxlr73xcwhq3/lib]
  collapse library dir [/Users/alexandergreiner/dealii_9_2_0/spack/opt/spack/darwin-monterey-skylake/apple-clang-12.0.0_alex/hwloc-2.7.1-auacf2llcf3xbqum54j66ckvnp4hfi5w/lib] ==> [/Users/alexandergreiner/dealii_9_2_0/spack/opt/spack/darwin-monterey-skylake/apple-clang-12.0.0_alex/hwloc-2.7.1-auacf2llcf3xbqum54j66ckvnp4hfi5w/lib]
  collapse library dir [/Users/alexandergreiner/dealii_9_2_0/spack/opt/spack/darwin-monterey-skylake/apple-clang-12.0.0_alex/libevent-2.1.12-3k3cw7vhoxifrx4n7ajweq3ydeqjkci4/lib] ==> [/Users/alexandergreiner/dealii_9_2_0/spack/opt/spack/darwin-monterey-skylake/apple-clang-12.0.0_alex/libevent-2.1.12-3k3cw7vhoxifrx4n7ajweq3ydeqjkci4/lib]
  collapse library dir [/Users/alexandergreiner/dealii_9_2_0/spack/opt/spack/darwin-monterey-skylake/apple-clang-12.0.0_alex/pmix-4.1.2-2qimar66stzsdccxi4qia2nsmxu3wnbj/lib] ==> [/Users/alexandergreiner/dealii_9_2_0/spack/opt/spack/darwin-monterey-skylake/apple-clang-12.0.0_alex/pmix-4.1.2-2qimar66stzsdccxi4qia2nsmxu3wnbj/lib]
  collapse library dir [/Applications/Xcode.app/Contents/Developer/Platforms/MacOSX.platform/Developer/SDKs/MacOSX10.15.sdk/usr/lib] ==> [/Applications/Xcode.app/Contents/Developer/Platforms/MacOSX.platform/Developer/SDKs/MacOSX10.15.sdk/usr/lib]
  collapse framework dir [/Applications/Xcode.app/Contents/Developer/Platforms/MacOSX.platform/Developer/SDKs/MacOSX10.15.sdk/System/Library/Frameworks/] ==> [/Applications/Xcode.app/Contents/Developer/Platforms/MacOSX.platform/Developer/SDKs/MacOSX10.15.sdk/System/Library/Frameworks]
  implicit libs: [mpi;c++]
  implicit objs: []
  implicit dirs: [/Users/alexandergreiner/dealii_9_2_0/spack/opt/spack/darwin-monterey-skylake/apple-clang-12.0.0_alex/openmpi-4.1.4-ur36cd2sgtnf3tbe764syxlr73xcwhq3/lib;/Users/alexandergreiner/dealii_9_2_0/spack/opt/spack/darwin-monterey-skylake/apple-clang-12.0.0_alex/hwloc-2.7.1-auacf2llcf3xbqum54j66ckvnp4hfi5w/lib;/Users/alexandergreiner/dealii_9_2_0/spack/opt/spack/darwin-monterey-skylake/apple-clang-12.0.0_alex/libevent-2.1.12-3k3cw7vhoxifrx4n7ajweq3ydeqjkci4/lib;/Users/alexandergreiner/dealii_9_2_0/spack/opt/spack/darwin-monterey-skylake/apple-clang-12.0.0_alex/pmix-4.1.2-2qimar66stzsdccxi4qia2nsmxu3wnbj/lib;/Applications/Xcode.app/Contents/Developer/Platforms/MacOSX.platform/Developer/SDKs/MacOSX10.15.sdk/usr/lib]
  implicit fwks: [/Applications/Xcode.app/Contents/Developer/Platforms/MacOSX.platform/Developer/SDKs/MacOSX10.15.sdk/System/Library/Frameworks]


